limit: 100
memory_size: 0x1000
reports:
    - name: Step-by-step log
      slice: all
      filter:
          - instruction
    - name: Check results
      slice: last
      filter:
          - state
      inspector:
          - - T A B S
            - [register, T]
            - [register, A]
            - [register_hex, B]
            - [register, S]
      assert: |
        T A B S 50 0 0x00000000 0
