---
name: "assert get_put_char(*('ABCD',)) == ('A', 'BCD')"
limit: 1000
memory_size: 0x1000
input_streams:
  0x80: [65,66,67,68]
  0x84: []
reports:
  - name: Check results
    slice: last
    filter:
      - state
    inspector:
      - ["numio[0x80]:", [number_io_stream, 0x0080]]
      - ["numio[0x84]:", [number_io_stream, 0x0084]]
      - ["symio[0x80]:", [symbol_io_stream, 0x0080]]
      - ["symio[0x84]:", [symbol_io_stream, 0x0084]]
    assert: |
      numio[0x80]: [66,67,68] >>> []
      numio[0x84]: [] >>> [65]
      symio[0x80]: "BCD" >>> ""
      symio[0x84]: "" >>> "A"
