---
name: "assert get_put_char(*('\n',)) == ('\n', '')"
limit: 1000
memory_size: 0x1000
input_streams:
  0x80: [10]
  0x84: []
reports:
  - name: Check results
    slice: last
    filter:
      - state
    inspector:
      - ["numio[0x80]:", [number_io_stream, 0x0080]]
      - ["numio[0x84]:", [number_io_stream, 0x0084]]
      - ["symio[0x80]:", [symbol_io_stream, 0x0080]]
      - ["symio[0x84]:", [symbol_io_stream, 0x0084]]
    assert: |
      numio[0x80]: [] >>> []
      numio[0x84]: [] >>> [10]
      symio[0x80]: "" >>> ""
      symio[0x84]: "" >>> "\n"
