name: error symbols output
limit: 400
memory_size: 0x1000
reports:
  - name: Step-by-step
    slice: all
    view: |
      {pc}:	{instruction}	{pc:label} Acc: {Acc} Overflow: {V} Carry: {C}
