memory_mapped_io:
  99: [1, 2, 3, "hello"]
memory_size: 0x90
