limit: 10
memory_size: 0x1000
reports:
  - name: Step-by-step log
    slice: all
    filter:
        - instruction
        - state
    inspector:
        - - A0
          - [register, A0]
          - A1
          - [register, A1]
