limit: 200
memory_size: 0x90
input_streams:
  88: []
reports:
  - filter: [instruction, state]
    slice: all
    inspector:
      - - [register, T0]
        - [register, T1]
        - [register, T2]
        - [register, T3]
  - filter: [state]
    slice: last
    inspector:
      - - [memory_cells, 4, 7]
      - - [number_io_stream, 88]
      - - [symbol_io_stream, 88]
